[www.tempooficial.com.br/index.html]
[backblue.gif]
[fade.gif]
[index.html]
[www.tempooficial.com.br/wp-content/plugins/click-to-chat-for-whatsapp/new/inc/assets/css/main33a6.css]
[www.tempooficial.com.br/wp-includes/css/dist/block-library/style.min109c.css]
[www.tempooficial.com.br/wp-content/plugins/cookie-notice/css/front.min02fa.css]
[www.tempooficial.com.br/wp-content/themes/hello-elementor/style.min1102.css]
[www.tempooficial.com.br/wp-content/themes/hello-elementor/theme.min1102.css]
[www.tempooficial.com.br/wp-content/plugins/elementor/assets/css/frontend-lite.minf92b.css]
[www.tempooficial.com.br/wp-content/uploads/elementor/css/post-76b11.css]
[www.tempooficial.com.br/wp-content/plugins/elementor/assets/lib/eicons/css/elementor-icons.mind618.css]
[www.tempooficial.com.br/wp-content/plugins/elementor/assets/lib/swiper/v8/css/swiper.min94a4.css]
[www.tempooficial.com.br/wp-content/plugins/elementor-pro/assets/css/frontend-lite.min6b60.css]
[www.tempooficial.com.br/wp-content/plugins/elementor/assets/lib/font-awesome/css/all.minf92b.css]
[www.tempooficial.com.br/wp-content/plugins/elementor/assets/lib/font-awesome/css/v4-shims.minf92b.css]
[www.tempooficial.com.br/wp-content/uploads/elementor/css/global718f.css]
[www.tempooficial.com.br/wp-content/uploads/elementor/css/post-1404be.css]
[www.tempooficial.com.br/wp-content/uploads/elementor/css/post-35b759.css]
[www.tempooficial.com.br/wp-content/plugins/happy-elementor-addons/assets/fonts/style.min9086.css]
[www.tempooficial.com.br/wp-content/plugins/elementor/assets/lib/font-awesome/css/font-awesome.min1849.css]
[www.tempooficial.com.br/wp-content/uploads/elementor/css/post-419398.css]
[www.tempooficial.com.br/wp-content/plugins/elementor/assets/lib/font-awesome/css/fontawesome.min52d5.css]
[www.tempooficial.com.br/wp-content/plugins/elementor/assets/lib/font-awesome/css/solid.min52d5.css]
[www.tempooficial.com.br/wp-content/plugins/elementor/assets/lib/font-awesome/css/brands.min52d5.css]
[www.tempooficial.com.br/wp-includes/js/jquery/jquery.minf43b.js]
[www.tempooficial.com.br/wp-includes/js/jquery/jquery-migrate.min5589.js]
[www.tempooficial.com.br/wp-content/plugins/google-analytics-for-wordpress/assets/js/frontend-gtag.min8257.js]
[www.tempooficial.com.br/wp-content/plugins/cookie-notice/js/front.min02fa.js]
[www.tempooficial.com.br/wp-content/plugins/elementor/assets/lib/font-awesome/js/v4-shims.minf92b.js]
[www.tempooficial.com.br/wp-content/uploads/2023/10/ampulhata-fivecon-150x150.png]
[www.tempooficial.com.br/wp-content/uploads/2023/10/ampulhata-fivecon-300x300.png]
[www.tempooficial.com.br/wp-content/uploads/2023/10/Logo-Tempo-Azul.png]
[www.tempooficial.com.br/wp-content/plugins/elementor-pro/assets/css/widget-nav-menu.min.css]
[www.tempooficial.com.br/wp-content/uploads/elementor/thumbs/logomarcas-1-qfr40g36clej0x90ag9dj9a1nftdc708yxbh9pfy08.png]
[www.tempooficial.com.br/wp-content/uploads/elementor/thumbs/logomarcas-3-qfr40hyuq9h3o569zh2mo8syu7k3rl7pn6mg89d5ns.png]
[www.tempooficial.com.br/wp-content/uploads/elementor/thumbs/logomarcas-2-qfr40h10jfftcj7n4yo03r1i8toqjw3zb1yyqzeju0.png]
[www.tempooficial.com.br/wp-content/uploads/elementor/thumbs/logomarcas-4-qfr40iwox3idzr4wtzh98qkfflfgzabfzb9xpjbrhk.png]
[www.tempooficial.com.br/wp-content/uploads/elementor/thumbs/logomarcas-5-qfr40juj3xjobd3johvvt8bw0zau6zf6bfxf6tadbc.png]
[www.tempooficial.com.br/wp-content/uploads/elementor/thumbs/logomarcas-6-qfr40juj3xjobd3johvvt8bw0zau6zf6bfxf6tadbc.png]
[www.tempooficial.com.br/wp-content/uploads/2023/10/entidade.png]
[www.tempooficial.com.br/wp-content/plugins/elementor/assets/css/widget-icon-list.min.css]
[www.tempooficial.com.br/wp-content/uploads/2023/10/associado.png]
[www.tempooficial.com.br/wp-content/plugins/elementor-pro/assets/css/widget-carousel.min.css]
[www.tempooficial.com.br/wp-content/uploads/2023/10/Logo-Tempo-Branca-1024x449.png]
[www.tempooficial.com.br/wp-content/plugins/elementor/assets/lib/animations/animations.minf92b.css]
[www.tempooficial.com.br/wp-content/plugins/click-to-chat-for-whatsapp/new/inc/assets/js/app33a6.js]
[www.tempooficial.com.br/wp-content/themes/hello-elementor/assets/js/hello-frontend.min8a54.js]
[www.tempooficial.com.br/wp-content/plugins/happy-elementor-addons/assets/js/happy-addons.min9086.js]
[www.tempooficial.com.br/wp-content/plugins/happy-elementor-addons-pro/assets/js/happy-addons-pro5b0a.js]
[www.tempooficial.com.br/wp-content/plugins/elementor-pro/assets/lib/smartmenus/jquery.smartmenus.minf269.js]
[www.tempooficial.com.br/wp-includes/js/imagesloaded.minbb93.js]
[www.tempooficial.com.br/wp-content/plugins/elementor-pro/assets/js/webpack-pro.runtime.min6b60.js]
[www.tempooficial.com.br/wp-content/plugins/elementor/assets/js/webpack.runtime.minf92b.js]
[www.tempooficial.com.br/wp-content/plugins/elementor/assets/js/frontend-modules.minf92b.js]
[www.tempooficial.com.br/wp-includes/js/dist/hooks.min2757.js]
[www.tempooficial.com.br/wp-includes/js/dist/i18n.minc33c.js]
[www.tempooficial.com.br/wp-content/plugins/elementor-pro/assets/js/frontend.min6b60.js]
[www.tempooficial.com.br/wp-content/plugins/elementor/assets/lib/waypoints/waypoints.min05da.js]
[www.tempooficial.com.br/wp-includes/js/jquery/ui/core.minb37e.js]
[www.tempooficial.com.br/wp-content/plugins/elementor/assets/js/frontend.minf92b.js]
[www.tempooficial.com.br/wp-content/plugins/elementor-pro/assets/js/elements-handlers.min6b60.js]
[www.tempooficial.com.br/wp-includes/js/underscore.mind584.js]
[www.tempooficial.com.br/wp-includes/js/wp-util.min109c.js]
[www.tempooficial.com.br/wp-content/plugins/wpforms-lite/assets/js/integrations/elementor/frontend.min36c7.js]
[www.tempooficial.com.br/index.html]
[www.tempooficial.com.br/feed/index.html]
[www.tempooficial.com.br/comments/feed/index.html]
[www.tempooficial.com.br/wp-content/plugins/click-to-chat-for-whatsapp/new/inc/assets/css/main33a6.css]
[www.tempooficial.com.br/wp-includes/css/dist/block-library/style.min109c.css]
[www.tempooficial.com.br/wp-content/plugins/cookie-notice/css/front.min02fa.css]
[www.tempooficial.com.br/wp-content/themes/hello-elementor/style.min1102.css]
[www.tempooficial.com.br/wp-content/themes/hello-elementor/theme.min1102.css]
[www.tempooficial.com.br/wp-content/plugins/elementor/assets/css/frontend-lite.minf92b.css]
[www.tempooficial.com.br/wp-content/uploads/elementor/css/post-76b11.css]
[www.tempooficial.com.br/wp-content/plugins/elementor/assets/lib/eicons/fonts/eicons66e9.eot]
[www.tempooficial.com.br/wp-content/plugins/elementor/assets/lib/eicons/fonts/eicons66e9.woff2]
[www.tempooficial.com.br/wp-content/plugins/elementor/assets/lib/eicons/fonts/eicons66e9.woff]
[www.tempooficial.com.br/wp-content/plugins/elementor/assets/lib/eicons/fonts/eicons66e9.ttf]
[www.tempooficial.com.br/wp-content/plugins/elementor/assets/lib/eicons/css/elementor-icons.mind618.css]
[www.tempooficial.com.br/wp-content/plugins/elementor/assets/lib/swiper/v8/css/swiper.min94a4.css]
[www.tempooficial.com.br/wp-content/plugins/elementor-pro/assets/css/frontend-lite.min6b60.css]
[www.tempooficial.com.br/wp-content/plugins/elementor/assets/lib/font-awesome/webfonts/fa-brands-400.eot]
[www.tempooficial.com.br/wp-content/plugins/elementor/assets/lib/font-awesome/webfonts/fa-brands-400d41d.eot]
[www.tempooficial.com.br/wp-content/plugins/elementor/assets/lib/font-awesome/webfonts/fa-brands-400.woff2]
[www.tempooficial.com.br/wp-content/plugins/elementor/assets/lib/font-awesome/webfonts/fa-brands-400.woff]
[www.tempooficial.com.br/wp-content/plugins/elementor/assets/lib/font-awesome/webfonts/fa-brands-400.ttf]
[www.tempooficial.com.br/wp-content/plugins/elementor/assets/lib/font-awesome/webfonts/fa-regular-400.eot]
[www.tempooficial.com.br/wp-content/plugins/elementor/assets/lib/font-awesome/webfonts/fa-regular-400d41d.eot]
[www.tempooficial.com.br/wp-content/plugins/elementor/assets/lib/font-awesome/webfonts/fa-regular-400.woff2]
[www.tempooficial.com.br/wp-content/plugins/elementor/assets/lib/font-awesome/webfonts/fa-regular-400.woff]
[www.tempooficial.com.br/wp-content/plugins/elementor/assets/lib/font-awesome/webfonts/fa-regular-400.ttf]
[www.tempooficial.com.br/wp-content/plugins/elementor/assets/lib/font-awesome/webfonts/fa-solid-900.eot]
[www.tempooficial.com.br/wp-content/plugins/elementor/assets/lib/font-awesome/webfonts/fa-solid-900d41d.eot]
[www.tempooficial.com.br/wp-content/plugins/elementor/assets/lib/font-awesome/webfonts/fa-solid-900.woff2]
[www.tempooficial.com.br/wp-content/plugins/elementor/assets/lib/font-awesome/webfonts/fa-solid-900.woff]
[www.tempooficial.com.br/wp-content/plugins/elementor/assets/lib/font-awesome/webfonts/fa-solid-900.ttf]
[www.tempooficial.com.br/wp-content/plugins/elementor/assets/lib/font-awesome/css/all.minf92b.css]
[www.tempooficial.com.br/wp-content/plugins/elementor/assets/lib/font-awesome/css/v4-shims.minf92b.css]
[www.tempooficial.com.br/wp-content/uploads/elementor/css/global718f.css]
[site.tempooficial.com.br/wp-content/uploads/2023/11/ampulheta-azul.png]
[site.tempooficial.com.br/wp-content/uploads/2023/10/Atempo-solu20.png]
[www.tempooficial.com.br/wp-content/uploads/elementor/css/post-1404be.css]
[www.tempooficial.com.br/wp-content/uploads/elementor/css/post-35b759.css]
[www.tempooficial.com.br/wp-content/plugins/happy-elementor-addons/assets/fonts/happy-icons.woff2]
[www.tempooficial.com.br/wp-content/plugins/happy-elementor-addons/assets/fonts/happy-icons.woff]
[www.tempooficial.com.br/wp-content/plugins/happy-elementor-addons/assets/fonts/style.min9086.css]
[www.tempooficial.com.br/wp-content/plugins/elementor/assets/lib/font-awesome/fonts/fontawesome-webfont3e6e.eot]
[www.tempooficial.com.br/wp-content/plugins/elementor/assets/lib/font-awesome/fonts/fontawesome-webfontd41d.eot]
[www.tempooficial.com.br/wp-content/plugins/elementor/assets/lib/font-awesome/fonts/fontawesome-webfont3e6e.woff2]
[www.tempooficial.com.br/wp-content/plugins/elementor/assets/lib/font-awesome/fonts/fontawesome-webfont3e6e.woff]
[www.tempooficial.com.br/wp-content/plugins/elementor/assets/lib/font-awesome/fonts/fontawesome-webfont3e6e.ttf]
[www.tempooficial.com.br/wp-content/plugins/elementor/assets/lib/font-awesome/css/font-awesome.min1849.css]
[www.tempooficial.com.br/wp-content/uploads/elementor/css/post-419398.css]
[www.tempooficial.com.br/wp-content/plugins/elementor/assets/lib/font-awesome/css/fontawesome.min52d5.css]
[www.tempooficial.com.br/wp-content/plugins/elementor/assets/lib/font-awesome/css/solid.min52d5.css]
[www.tempooficial.com.br/wp-content/plugins/elementor/assets/lib/font-awesome/css/brands.min52d5.css]
[www.tempooficial.com.br/wp-json/index.html]
[www.tempooficial.com.br/xmlrpc0db0.html]
[www.tempooficial.com.br/index9205.html]
[www.tempooficial.com.br/wp-content/plugins/elementor-pro/assets/css/widget-nav-menu.min.css]
[www.tempooficial.com.br/tempo/index.html]
[www.tempooficial.com.br/solucoes/index.html]
[www.tempooficial.com.br/contato/index.html]
[www.tempooficial.com.br/trabalhe-conosco/index.html]
[www.tempooficial.com.br/wp-content/plugins/elementor/assets/css/widget-icon-list.min.css]
[www.tempooficial.com.br/wp-content/plugins/elementor-pro/assets/css/widget-carousel.min.css]
[www.tempooficial.com.br/wp-content/uploads/2023/10/Selos-Site-2023.html]
[www.tempooficial.com.br/wp-content/plugins/elementor/assets/lib/animations/animations.minf92b.css]
[www.tempooficial.com.br/politica-de-privacidade/index.html]
[www.tempooficial.com.br/wp-content/plugins/elementor/assets/lib/eicons/fonts/eicons66e9.svg]
[www.tempooficial.com.br/wp-content/plugins/elementor/assets/lib/font-awesome/webfonts/fa-brands-400.svg]
[www.tempooficial.com.br/wp-content/plugins/elementor/assets/lib/font-awesome/webfonts/fa-regular-400.svg]
[www.tempooficial.com.br/wp-content/plugins/elementor/assets/lib/font-awesome/webfonts/fa-solid-900.svg]
[www.tempooficial.com.br/wp-content/plugins/happy-elementor-addons/assets/fonts/happy-icons.svg]
[www.tempooficial.com.br/wp-content/plugins/elementor/assets/lib/font-awesome/fonts/fontawesome-webfont3e6e.svg]
[www.tempooficial.com.br/wp-json/wp/v2/pages/14.html]
[www.tempooficial.com.br/wp-json/oembed/1.0/embed8e9c.html]
[www.tempooficial.com.br/wp-json/oembed/1.0/embed7a9a.html]
